Sliding puzzles 116 bước: https://lishogi.org/variant/hakoiri

tốt2 > 
tượng v 
tốt1 < 
xe v

tg bạc > 
mã ^< 
tg bạc < 

xe ^ 
tốt1 > 
tốt2 > 
tượng > 

mã v 
tg bạc < 
mã v 

hg xa ^ 
tốt2 ^ 
tốt1 < 

xe v 
hg xa > 
tg bạc > 

tg vàng2 vv 
vua < 
tg vàng1 < 

hg xa ^^ 
xe ^^ 

tốt2 > 
tốt1 > 
tượng > 
mã > 

tg vàng2 v 
tg bạc < 
tượng ^ 
mã ^ 

tốt1 << 
tượng v 
tg vàng1 v 

hg xa < 
xe ^ 
tốt2 ^ 
tượng > 

tg vàng1 vv 
tốt2 <^ 

tg bạc >> 

tg vàng2 ^ 
tốt1 < 
mã v 
tg vàng2 > 
tốt1 ^ 
mã < 
tg vàng2 v 

tg bạc < 
xe v 
hg xa > 
tốt2 ^ 
tg bạc < 

tg vàng1 ^^ 
tg vàng2 > 
tốt1 >v 

tg bạc v 
vua v 

tốt2 << 
hg xa << 

tg vàng1 ^ 
xe ^ 
tg vàng2 ^ 
tượng ^ 

tốt1 >>
mã >>

tg bạc v 
vua v 
hg xa v< 

tg vàng1 < 
tg vàng2 ^^ 
vua > 

hg xa vv
tốt2 vv

tg vàng1 < 
tg vàng2 < 
xe < 
tượng ^^ 

vua > 
hg xa >^ 
tg bạc ^ 

mã << 
tốt1 << 
vua v 

hg xa >>
tốt2 >>

tg bạc ^ 
mã ^ 
tốt1 < 
vua < 